Microchip MPLAB XC8 Compiler V2.41

Linker command line:

-W-3 \
  --edf=C:\Program Files\Microchip\xc8\v2.41\pic\dat\20230208172133_en.msgs \
  -cn -h+dist/default/production\PIC_TO__LIGHT_CLIENT1.X.production.sym \
  --cmf=dist/default/production\PIC_TO__LIGHT_CLIENT1.X.production.cmf -z \
  -Q18F4580 \
  -oC:\Users\Jeevan Moger\AppData\Local\Temp\xcAs6gk.\driver_tmp_3.o \
  --defsym=__MPLAB_BUILD=1 --fixupoverflow=error \
  -Mdist/default/production/PIC_TO__LIGHT_CLIENT1.X.production.map \
  --md=C:\Users\Jeevan Moger\AppData\Local\Temp\xcAs6gk.\driver_tmp_0.dat \
  -E1 -ver=XC8 Compiler --acfsm=1493 -ACODE=00h-04000h -ACONST=00h-04000h \
  -ASMALLCONST=0600h-06FFhx58,04000h-04000h -AMEDIUMCONST=0600h-04000h \
  -ACOMRAM=01h-05Fh -AABS1=00h-05FFh -ABIGRAM=01h-05FFh \
  -ARAM=060h-0FFh,0100h-01FFhx5 -ABANK0=060h-0FFh -ABANK1=0100h-01FFh \
  -ABANK2=0200h-02FFh -ABANK3=0300h-03FFh -ABANK4=0400h-04FFh \
  -ABANK5=0500h-05FFh -ASFR=0D00h-0DFFhx2,0F00h-0F5Fh,0F60h-0FFFh \
  -ABIGSFR=0D00h-0FFFh -ACONFIG=0300000h-030000Dh -AIDLOC=0200000h-0200007h \
  -AEEDATA=0F00000h-0F000FFh -peeprom_data=EEDATA \
  -preset_vec=00h,intcode=08h,intcodelo,powerup,init -pramtop=0600h \
  -psmallconst=SMALLCONST -pmediumconst=MEDIUMCONST -pconst=CONST \
  -AFARRAM=00h-00h \
  -prdata=COMRAM,nvrram=COMRAM,nvbit=COMRAM,rbss=COMRAM,rbit=COMRAM \
  -pfarbss=FARRAM,fardata=FARRAM,nvFARRAM=FARRAM \
  -pintsave_regs=BIGRAM,bigbss=BIGRAM,bigdata=BIGRAM -pbss=RAM \
  -pidata=CODE,irdata=CODE,ibigdata=CODE,ifardata=CODE -prparam=COMRAM \
  C:\Users\Jeevan Moger\AppData\Local\Temp\xcAs6gk.\driver_tmp_9.o \
  dist/default/production\PIC_TO__LIGHT_CLIENT1.X.production.o 

Object code version is 3.11

Machine type is 18F4580



                Name                               Link     Load   Length Selector   Space Scale
C:\Users\Jeevan Moger\AppData\Local\Temp\xcAs6gk.\driver_tmp_9.o
                idloc                            200000   200000        8        0       5
                config                           300000   300000        E        0       4
                init                                  E        E        4        4       0
                reset_vec                             0        0        4        0       0
dist/default/production\PIC_TO__LIGHT_CLIENT1.X.production.o
                intcode                               8        8        6        4       0
                idloc                            200000   200000        8        0       5
                config                           300000   300000        E        0       4
                temp                                 5F       5F        1        1       1
                intcode_body                        E5A      E5A       60        4       0
                text31                             1058     1058       50        4       0
                text30                             118E     118E        8      89C       0
                text29                             1186     1186        8      89C       0
                text28                             1174     1174       12      89C       0
                text27                             1138     1138       16      89C       0
                text26                              C38      C38       76        4       0
                text25                             10D8     10D8       26        4       0
                text24                             1008     1008       50        4       0
                text23                             1162     1162       12      89C       0
                text22                              6DA      6DA       C4        4       0
                text21                              79E      79E       BA        4       0
                text20                              D8C      D8C       6A        4       0
                text19                              BBC      BBC       7C        4       0
                text18                              FB6      FB6       52        4       0
                text17                              B40      B40       7C        4       0
                text16                              AC4      AC4       7C        4       0
                text15                             10A8     10A8       30        4       0
                text14                              A48      A48       7C        4       0
                text13                              424      424      176        4       0
                text12                              CAE      CAE       74        4       0
                text11                              DF6      DF6       64        4       0
                text10                              D22      D22       6A        4       0
                text9                                12       12      290        4       0
                text8                               9CC      9CC       7C        4       0
                text7                               F64      F64       52        4       0
                text6                               950      950       7C        4       0
                text5                               8D4      8D4       7C        4       0
                text4                               858      858       7C        4       0
                text3                               2A2      2A2      182        4       0
                text2                              10FE     10FE       20        4       0
                text1                               59A      59A      140        4       0
                text0                               F10      F10       54        4       0
                cstackCOMRAM                         4D       4D       12        1       1
                dataBANK0                            60       60       14       60       1
                dataCOMRAM                           34       34       19        1       1
                bssCOMRAM                             1        1       33        1       1
                cinit                               EBA      EBA       56        4       0
                idataBANK0                         114E     114E       14      89C       0
                idataCOMRAM                        111E     111E       19        4       0

TOTAL           Name                               Link     Load   Length     Space
        CLASS   CODE           
                intcode                               8        8        6         0
                init                                  E        E        4         0
                reset_vec                             0        0        4         0
                intcode_body                        E5A      E5A       60         0
                text31                             1058     1058       50         0
                text30                             118E     118E        8         0
                text29                             1186     1186        8         0
                text28                             1174     1174       12         0
                text27                             1138     1138       16         0
                text26                              C38      C38       76         0
                text25                             10D8     10D8       26         0
                text24                             1008     1008       50         0
                text23                             1162     1162       12         0
                text22                              6DA      6DA       C4         0
                text21                              79E      79E       BA         0
                text20                              D8C      D8C       6A         0
                text19                              BBC      BBC       7C         0
                text18                              FB6      FB6       52         0
                text17                              B40      B40       7C         0
                text16                              AC4      AC4       7C         0
                text15                             10A8     10A8       30         0
                text14                              A48      A48       7C         0
                text13                              424      424      176         0
                text12                              CAE      CAE       74         0
                text11                              DF6      DF6       64         0
                text10                              D22      D22       6A         0
                text9                                12       12      290         0
                text8                               9CC      9CC       7C         0
                text7                               F64      F64       52         0
                text6                               950      950       7C         0
                text5                               8D4      8D4       7C         0
                text4                               858      858       7C         0
                text3                               2A2      2A2      182         0
                text2                              10FE     10FE       20         0
                text1                               59A      59A      140         0
                text0                               F10      F10       54         0
                cinit                               EBA      EBA       56         0
                idataBANK0                         114E     114E       14         0
                idataCOMRAM                        111E     111E       19         0

        CLASS   CONST          

        CLASS   SMALLCONST     

        CLASS   MEDIUMCONST    

        CLASS   COMRAM         
                temp                                 5F       5F        1         1
                cstackCOMRAM                         4D       4D       12         1
                dataCOMRAM                           34       34       19         1
                bssCOMRAM                             1        1       33         1

        CLASS   ABS1           

        CLASS   BIGRAM         

        CLASS   RAM            

        CLASS   BANK0          
                dataBANK0                            60       60       14         1

        CLASS   BANK1          

        CLASS   BANK2          

        CLASS   BANK3          

        CLASS   BANK4          

        CLASS   BANK5          

        CLASS   SFR            

        CLASS   BIGSFR         

        CLASS   CONFIG         
                config                           300000   300000        E         4

        CLASS   IDLOC          
                idloc                            200000   200000        8         5

        CLASS   EEDATA         

        CLASS   FARRAM         

        CLASS   HEAP           

        CLASS   STACK          



SEGMENTS        Name                           Load    Length   Top    Selector   Space  Class

                reset_vec                      000000  000004  000004         0       0  CODE    
                bssCOMRAM                      000001  00005F  000060         1       1  COMRAM  
                intcode                        000008  00112F  001137         4       0  CODE    
                dataBANK0                      000060  000014  000074        60       1  BANK0   
                text27                         001138  00005E  001196       89C       0  CODE    


UNUSED ADDRESS RANGES

        Name                Unused          Largest block    Delta
        BANK0            000074-0000FF               8C
        BANK1            000100-0001FF              100
        BANK2            000200-0002FF              100
        BANK3            000300-0003FF              100
        BANK4            000400-0004FF              100
        BANK5            000500-0005FF              100
        BIGRAM           000074-0005FF              58C
        BIGSFR           000D00-000FFF              300
        CODE             000004-000007                4
                         001137-001137                1
                         001196-004000             2E6B
        CONST            000004-000007                4
                         001137-001137                1
                         001196-004000             2E6B
        EEDATA           F00000-F000FF              100
        MEDIUMCONST      001137-001137                1
                         001196-004000             2E6B
        RAM              000074-0005FF              100
        SFR              000D00-000FFF              100
        SMALLCONST       001137-001137                1
                         001196-004000              100

                                  Symbol Table

?___lwdiv                          cstackCOMRAM 00004D
?___lwmod                          cstackCOMRAM 000054
?___wmul                           cstackCOMRAM 00004D
_BRGCON1                           (abs)        000F70
_BRGCON2                           (abs)        000F71
_BRGCON3                           (abs)        000F72
_CANCON                            (abs)        000F6F
_CANSTAT                           (abs)        000F6E
_ECANCON                           (abs)        000F77
_EEADR                             (abs)        000FA9
_EECON1bits                        (abs)        000FA6
_EECON2                            (abs)        000FA7
_EEDATA                            (abs)        000FA8
_GIE                               (abs)        007F97
_INT0E                             (abs)        007F94
_INT0F                             (abs)        007F91
_INTEDG0                           (abs)        007F8E
_PEIE                              (abs)        007F96
_PIR2bits                          (abs)        000FA1
_PORTA                             (abs)        000F80
_PORTC                             (abs)        000F82
_PORTD                             (abs)        000F83
_RXB0CON                           (abs)        000F60
_RXB0D0                            (abs)        000F66
_RXB0D1                            (abs)        000F67
_RXB0D2                            (abs)        000F68
_RXB0D3                            (abs)        000F69
_RXB0D4                            (abs)        000F6A
_RXB0D5                            (abs)        000F6B
_RXB0D6                            (abs)        000F6C
_RXB0D7                            (abs)        000F6D
_RXB0DLC                           (abs)        000F65
_RXB0EIDH                          (abs)        000F63
_RXB0EIDL                          (abs)        000F64
_RXB0FUL                           (abs)        007B07
_RXB0IF                            (abs)        007D20
_RXB0SIDH                          (abs)        000F61
_RXB0SIDL                          (abs)        000F62
_RXF0EIDH                          (abs)        000F02
_RXF0EIDL                          (abs)        000F03
_RXF0SIDH                          (abs)        000F00
_RXF0SIDL                          (abs)        000F01
_RXFCON0                           (abs)        000DD4
_TRISA                             (abs)        000F92
_TRISB2                            (abs)        007C9A
_TRISB3                            (abs)        007C9B
_TRISC                             (abs)        000F94
_TRISD                             (abs)        000F95
_TXB0D0                            (abs)        000F46
_TXB0D1                            (abs)        000F47
_TXB0D2                            (abs)        000F48
_TXB0D3                            (abs)        000F49
_TXB0D4                            (abs)        000F4A
_TXB0D5                            (abs)        000F4B
_TXB0D6                            (abs)        000F4C
_TXB0D7                            (abs)        000F4D
_TXB0DLC                           (abs)        000F45
_TXB0EIDH                          (abs)        000F43
_TXB0EIDL                          (abs)        000F44
_TXB0REQ                           (abs)        007A03
_TXB0SIDH                          (abs)        000F41
_TXB0SIDL                          (abs)        000F42
__HRAM                             (abs)        000000
__H__absolute__                    __absolute__ 000000
__Habs1                            abs1         000000
__Hbank0                           bank0        000000
__Hbank1                           bank1        000000
__Hbank2                           bank2        000000
__Hbank3                           bank3        000000
__Hbank4                           bank4        000000
__Hbank5                           bank5        000000
__Hbigbss                          bigbss       000000
__Hbigdata                         bigdata      000000
__Hbigram                          bigram       000000
__Hbigsfr                          bigsfr       000000
__Hbss                             bss          000000
__HbssCOMRAM                       bssCOMRAM    000000
__Hcinit                           cinit        000000
__Hclrtext                         clrtext      000000
__Hcomram                          comram       000000
__Hconfig                          config       30000E
__Hconst                           const        000000
__HcstackCOMRAM                    cstackCOMRAM 000000
__Hdata                            data         000000
__HdataBANK0                       dataBANK0    000000
__HdataCOMRAM                      dataCOMRAM   000000
__Heeprom_data                     eeprom_data  000000
__Hfarbss                          farbss       000000
__Hfardata                         fardata      000000
__Hheap                            heap         000000
__Hibigdata                        ibigdata     000000
__Hidata                           idata        000000
__HidataBANK0                      idataBANK0   000000
__HidataCOMRAM                     idataCOMRAM  000000
__Hidloc                           idloc        200008
__Hifardata                        ifardata     000000
__Hinit                            init         000012
__Hintcode                         intcode      00000E
__Hintcode_body                    intcode_body 000000
__Hintcodelo                       intcodelo    00000E
__Hintentry                        intentry     000000
__Hintret                          intret       000000
__Hintsave_regs                    intsave_regs 000000
__Hirdata                          irdata       000000
__Hmediumconst                     mediumconst  000000
__HnvFARRAM                        nvFARRAM     000000
__Hnvbit                           nvbit        000000
__Hnvrram                          nvrram       000000
__Hparam                           rparam       000000
__Hpowerup                         powerup      00000E
__Hram                             ram          000000
__Hramtop                          ramtop       000600
__Hrbit                            rbit         000000
__Hrbss                            rbss         000000
__Hrdata                           rdata        000000
__Hreset_vec                       reset_vec    000004
__Hrparam                          rparam       000000
__Hsfr                             sfr          000000
__Hsmallconst                      smallconst   000000
__Hspace_0                         (abs)        001196
__Hspace_1                         (abs)        000074
__Hspace_2                         (abs)        000000
__Hspace_4                         (abs)        60000E
__Hstack                           stack        000000
__Hstruct                          struct       000000
__Htemp                            temp         000060
__Htext                            text         000000
__Htext0                           text0        000000
__Htext1                           text1        000000
__Htext10                          text10       000000
__Htext11                          text11       000000
__Htext12                          text12       000000
__Htext13                          text13       000000
__Htext14                          text14       000000
__Htext15                          text15       000000
__Htext16                          text16       000000
__Htext17                          text17       000000
__Htext18                          text18       000000
__Htext19                          text19       000000
__Htext2                           text2        000000
__Htext20                          text20       000000
__Htext21                          text21       000000
__Htext22                          text22       000000
__Htext23                          text23       000000
__Htext24                          text24       000000
__Htext25                          text25       000000
__Htext26                          text26       000000
__Htext27                          text27       000000
__Htext28                          text28       000000
__Htext29                          text29       000000
__Htext3                           text3        000000
__Htext30                          text30       000000
__Htext31                          text31       000000
__Htext4                           text4        000000
__Htext5                           text5        000000
__Htext6                           text6        000000
__Htext7                           text7        000000
__Htext8                           text8        000000
__Htext9                           text9        000000
__LRAM                             (abs)        000001
__L__absolute__                    __absolute__ 000000
__Labs1                            abs1         000000
__Lbank0                           bank0        000000
__Lbank1                           bank1        000000
__Lbank2                           bank2        000000
__Lbank3                           bank3        000000
__Lbank4                           bank4        000000
__Lbank5                           bank5        000000
__Lbigbss                          bigbss       000000
__Lbigdata                         bigdata      000000
__Lbigram                          bigram       000000
__Lbigsfr                          bigsfr       000000
__Lbss                             bss          000000
__LbssCOMRAM                       bssCOMRAM    000000
__Lcinit                           cinit        000000
__Lclrtext                         clrtext      000000
__Lcomram                          comram       000000
__Lconfig                          config       000000
__Lconst                           const        000000
__LcstackCOMRAM                    cstackCOMRAM 000000
__Ldata                            data         000000
__LdataBANK0                       dataBANK0    000000
__LdataCOMRAM                      dataCOMRAM   000000
__Leeprom_data                     eeprom_data  000000
__Lfarbss                          farbss       000000
__Lfardata                         fardata      000000
__Lheap                            heap         000000
__Libigdata                        ibigdata     000000
__Lidata                           idata        000000
__LidataBANK0                      idataBANK0   000000
__LidataCOMRAM                     idataCOMRAM  000000
__Lidloc                           idloc        000000
__Lifardata                        ifardata     000000
__Linit                            init         00000E
__Lintcode                         intcode      000008
__Lintcode_body                    intcode_body 000000
__Lintcodelo                       intcodelo    00000E
__Lintentry                        intentry     000000
__Lintret                          intret       000000
__Lintsave_regs                    intsave_regs 000000
__Lirdata                          irdata       000000
__Lmediumconst                     mediumconst  000000
__LnvFARRAM                        nvFARRAM     000000
__Lnvbit                           nvbit        000000
__Lnvrram                          nvrram       000000
__Lparam                           rparam       000000
__Lpowerup                         powerup      00000E
__Lram                             ram          000000
__Lramtop                          ramtop       000600
__Lrbit                            rbit         000000
__Lrbss                            rbss         000000
__Lrdata                           rdata        000000
__Lreset_vec                       reset_vec    000000
__Lrparam                          rparam       000000
__Lsfr                             sfr          000000
__Lsmallconst                      smallconst   000000
__Lspace_0                         (abs)        000000
__Lspace_1                         (abs)        000000
__Lspace_2                         (abs)        000000
__Lspace_4                         (abs)        000000
__Lstack                           stack        000000
__Lstruct                          struct       000000
__Ltemp                            temp         00005F
__Ltext                            text         000000
__Ltext0                           text0        000000
__Ltext1                           text1        000000
__Ltext10                          text10       000000
__Ltext11                          text11       000000
__Ltext12                          text12       000000
__Ltext13                          text13       000000
__Ltext14                          text14       000000
__Ltext15                          text15       000000
__Ltext16                          text16       000000
__Ltext17                          text17       000000
__Ltext18                          text18       000000
__Ltext19                          text19       000000
__Ltext2                           text2        000000
__Ltext20                          text20       000000
__Ltext21                          text21       000000
__Ltext22                          text22       000000
__Ltext23                          text23       000000
__Ltext24                          text24       000000
__Ltext25                          text25       000000
__Ltext26                          text26       000000
__Ltext27                          text27       000000
__Ltext28                          text28       000000
__Ltext29                          text29       000000
__Ltext3                           text3        000000
__Ltext30                          text30       000000
__Ltext31                          text31       000000
__Ltext4                           text4        000000
__Ltext5                           text5        000000
__Ltext6                           text6        000000
__Ltext7                           text7        000000
__Ltext8                           text8        000000
__Ltext9                           text9        000000
__S0                               (abs)        001196
__S1                               (abs)        000074
__S4                               (abs)        000000
__S5                               (abs)        000000
___heap_hi                         (abs)        000000
___heap_lo                         (abs)        000000
___inthi_sp                        stack        000000
___intlo_sp                        stack        000000
___lwdiv                           text12       000CAE
___lwdiv@counter                   cstackCOMRAM 000053
___lwdiv@dividend                  cstackCOMRAM 00004D
___lwdiv@divisor                   cstackCOMRAM 00004F
___lwdiv@quotient                  cstackCOMRAM 000051
___lwmod                           text11       000DF6
___lwmod@counter                   cstackCOMRAM 000058
___lwmod@dividend                  cstackCOMRAM 000054
___lwmod@divisor                   cstackCOMRAM 000056
___param_bank                      (abs)        000000
___rparam_used                     (abs)        000001
___sp                              stack        000000
___wmul                            text25       0010D8
___wmul@multiplicand               cstackCOMRAM 00004F
___wmul@multiplier                 cstackCOMRAM 00004D
___wmul@product                    cstackCOMRAM 000051
__accesstop                        (abs)        000060
__activetblptr                     (abs)        000000
__end_of___lwdiv                   text12       000D22
__end_of___lwmod                   text11       000E5A
__end_of___wmul                    text25       0010FE
__end_of__initialization           cinit        000F06
__end_of_can_receive               text24       001058
__end_of_can_stock                 text9        0002A2
__end_of_can_transmit              text10       000D8C
__end_of_compare_and_check         text22       00079E
__end_of_display                   text20       000DF6
__end_of_first_ssd_pid             text19       000C38
__end_of_first_ssd_ust             text8        000A48
__end_of_init_can                  text31       0010A8
__end_of_init_config               text27       00114E
__end_of_init_digital_keypad       text30       001196
__end_of_init_external_interrupt   text29       00118E
__end_of_init_ssd_control          text28       001186
__end_of_isr                       intcode_body 000EBA
__end_of_main                      text0        000F64
__end_of_normal_stock              text3        000424
__end_of_product_id                text13       00059A
__end_of_read_digital_keypad       text26       000CAE
__end_of_read_internal_eeprom      text23       001174
__end_of_read_pid_data_from_eeprom text18       001008
__end_of_read_ust_data_from_eeprom text7        000FB6
__end_of_receive_can_data          text21       000858
__end_of_second_ssd_pid            text17       000BBC
__end_of_second_ssd_ust            text6        0009CC
__end_of_third_ssd_pid             text16       000B40
__end_of_third_ssd_ust             text5        000950
__end_of_two_fields                text1        0006DA
__end_of_update_stock              text2        00111E
__end_of_write_internal_eeprom     text15       0010D8
__end_of_zeroth_ssd_pid            text14       000AC4
__end_of_zeroth_ssd_ust            text4        0008D4
__initialization                   cinit        000EBA
__mediumconst                      mediumconst  000000
__pbssCOMRAM                       bssCOMRAM    000001
__pcinit                           cinit        000EBA
__pcstackCOMRAM                    cstackCOMRAM 00004D
__pdataBANK0                       dataBANK0    000060
__pdataCOMRAM                      dataCOMRAM   000034
__pidataBANK0                      idataBANK0   00114E
__pidataCOMRAM                     idataCOMRAM  00111E
__pintcode                         intcode      000008
__pintcode_body                    intcode_body 000E5A
__ptext0                           text0        000F10
__ptext1                           text1        00059A
__ptext10                          text10       000D22
__ptext11                          text11       000DF6
__ptext12                          text12       000CAE
__ptext13                          text13       000424
__ptext14                          text14       000A48
__ptext15                          text15       0010A8
__ptext16                          text16       000AC4
__ptext17                          text17       000B40
__ptext18                          text18       000FB6
__ptext19                          text19       000BBC
__ptext2                           text2        0010FE
__ptext20                          text20       000D8C
__ptext21                          text21       00079E
__ptext22                          text22       0006DA
__ptext23                          text23       001162
__ptext24                          text24       001008
__ptext25                          text25       0010D8
__ptext26                          text26       000C38
__ptext27                          text27       001138
__ptext28                          text28       001174
__ptext29                          text29       001186
__ptext3                           text3        0002A2
__ptext30                          text30       00118E
__ptext31                          text31       001058
__ptext4                           text4        000858
__ptext5                           text5        0008D4
__ptext6                           text6        000950
__ptext7                           text7        000F64
__ptext8                           text8        0009CC
__ptext9                           text9        000012
__ramtop                           ramtop       000600
__smallconst                       smallconst   000000
_can_id                            bssCOMRAM    00000E
_can_payload                       bssCOMRAM    000001
_can_receive                       text24       001008
_can_stock                         text9        000012
_can_transmit                      text10       000D22
_compare_and_check                 text22       0006DA
_digit@ssd_display$F316            dataCOMRAM   000034
_disp_flag                         dataCOMRAM   000042
_display                           text20       000D8C
_field_flag                        bssCOMRAM    000027
_first_ssd_pid                     text19       000BBC
_first_ssd_ust                     text8        0009CC
_in_field_pid                      dataCOMRAM   000048
_in_field_ust                      dataCOMRAM   00004A
_increment_pid_flag                bssCOMRAM    000023
_increment_ust_flag                bssCOMRAM    000025
_init_can                          text31       001058
_init_config                       text27       001138
_init_digital_keypad               text30       00118E
_init_external_interrupt           text29       001186
_init_ssd_control                  text28       001174
_interrupt_key                     bssCOMRAM    000029
_isr                               intcode      000008
_key                               bssCOMRAM    00002B
_main                              text0        000F10
_normal_stock                      text3        0002A2
_num                               bssCOMRAM    000019
_product_id                        text13       000424
_read_digital_keypad               text26       000C38
_read_internal_eeprom              text23       001162
_read_pid_data_from_eeprom         text18       000FB6
_read_ust_data_from_eeprom         text7        000F64
_rec_cond_flag                     dataCOMRAM   000046
_receive_can_data                  text21       00079E
_second_ssd_pid                    text17       000B40
_second_ssd_ust                    text6        000950
_ssd                               bssCOMRAM    000030
_ssd0                              bssCOMRAM    00001B
_ssd1                              bssCOMRAM    00001D
_ssd2                              bssCOMRAM    00001F
_ssd3                              bssCOMRAM    000021
_ssd@ssd_display$F315              bssCOMRAM    00002C
_third_ssd_pid                     text16       000AC4
_third_ssd_ust                     text5        0008D4
_two_fields                        text1        00059A
_update_data_flag                  dataCOMRAM   000044
_update_stock                      text2        0010FE
_write_internal_eeprom             text15       0010A8
_zeroth_ssd_pid                    text14       000A48
_zeroth_ssd_ust                    text4        000858
btemp                              temp         00005F
can_stock@delay                    bssCOMRAM    000017
can_stock@wait                     cstackCOMRAM 00005B
compare_and_check@ch               cstackCOMRAM 00004F
compare_and_check@confirm          cstackCOMRAM 000050
compare_and_check@i                cstackCOMRAM 000052
display@data                       cstackCOMRAM 00004D
display@digit                      cstackCOMRAM 000053
display@wait                       cstackCOMRAM 000051
end_of_initialization              cinit        000F06
int$flags                          temp         00005F
int_func                           intcode_body 000E5A
intlevel0                          text         000000
intlevel1                          text         000000
intlevel2                          text         000000
intlevel3                          text         000000
isa$std                            (abs)        000001
isa$xinst                          (abs)        000000
normal_stock@once_ust              dataCOMRAM   000040
product_id@once_pid                dataCOMRAM   00003E
read_digital_keypad@detection_type cstackCOMRAM 00004D
read_digital_keypad@once           dataCOMRAM   00004C
read_internal_eeprom@address       cstackCOMRAM 00004D
stackhi                            (abs)        000000
stacklo                            (abs)        000000
start                              init         00000E
start_initialization               cinit        000EBA
ttemp5                             temp         000060
ttemp6                             temp         000063
ttemp7                             temp         000067
write_internal_eeprom@address      cstackCOMRAM 00005A
write_internal_eeprom@data         cstackCOMRAM 000059
wtemp8                             temp         000060


MODULE INFORMATION

Module		Function		Class		Link	Load	Size
digital_keypad.c
		_init_digital_keypad		CODE           	118E	0000	8
		_read_digital_keypad		CODE           	0C38	0000	118

digital_keypad.c estimated size: 126

C:\Program Files\Microchip\xc8\v2.41\pic\sources\c99\common\lwdiv.c
		___lwdiv       		CODE           	0CAE	0000	116

C:\Program Files\Microchip\xc8\v2.41\pic\sources\c99\common\lwdiv.c estimated size: 116

ssd_display.c
		_display       		CODE           	0D8C	0000	106
		_init_ssd_control		CODE           	1174	0000	18

ssd_display.c estimated size: 124

eeprom.c
		_read_internal_eeprom		CODE           	1162	0000	18
		_write_internal_eeprom		CODE           	10A8	0000	48

eeprom.c estimated size: 66

isr.c
		_isr           		CODE           	0008	0000	102

isr.c estimated size: 102

shared
		__initialization		CODE           	0EBA	0000	76

shared estimated size: 76

can.c
		_can_transmit  		CODE           	0D22	0000	106
		_init_can      		CODE           	1058	0000	80
		_can_receive   		CODE           	1008	0000	80

can.c estimated size: 266

ssd_fields.c
		_third_ssd_ust 		CODE           	08D4	0000	124
		_product_id    		CODE           	0424	0000	374
		_first_ssd_pid 		CODE           	0BBC	0000	124
		_first_ssd_ust 		CODE           	09CC	0000	124
		_read_pid_data_from_eeprom		CODE           	0FB6	0000	82
		_can_stock     		CODE           	0012	0000	656
		_normal_stock  		CODE           	02A2	0000	386
		_second_ssd_pid		CODE           	0B40	0000	124
		_second_ssd_ust		CODE           	0950	0000	124
		_zeroth_ssd_pid		CODE           	0A48	0000	124
		_zeroth_ssd_ust		CODE           	0858	0000	124
		_update_stock  		CODE           	10FE	0000	32
		_read_ust_data_from_eeprom		CODE           	0F64	0000	82
		_third_ssd_pid 		CODE           	0AC4	0000	124

ssd_fields.c estimated size: 2604

C:\Program Files\Microchip\xc8\v2.41\pic\sources\c99\common\Umul16.c
		___wmul        		CODE           	10D8	0000	38

C:\Program Files\Microchip\xc8\v2.41\pic\sources\c99\common\Umul16.c estimated size: 38

main.c
		_main          		CODE           	0F10	0000	84
		_init_external_interrupt		CODE           	1186	0000	8
		_compare_and_check		CODE           	06DA	0000	196
		_receive_can_data		CODE           	079E	0000	186
		_init_config   		CODE           	1138	0000	22
		_two_fields    		CODE           	059A	0000	320

main.c estimated size: 816

C:\Program Files\Microchip\xc8\v2.41\pic\sources\c99\common\lwmod.c
		___lwmod       		CODE           	0DF6	0000	100

C:\Program Files\Microchip\xc8\v2.41\pic\sources\c99\common\lwmod.c estimated size: 100

